 No need to do a create run for C.18C13B1E
 No need to do a create run for C.7DFCDC16
 No need to do a create run for H.7DFD7D73
 No need to do a create run for H.18C1DC7B
