 No need to do a create run for C.37DADC42
 No need to do a create run for C.56D47446
 No need to do a create run for H.56D47446
 No need to do a create run for H.37DADC42
