

 Parallel Execution: Process Information
 ==============================================================================
 Rank   Node Name                              NodeID   MyNodeRank  NodeMaster
    0   yumans-mbp.home                           0          0          0
    1   yumans-mbp.home                           0          1         -1
    2   yumans-mbp.home                           0          2         -1
    3   yumans-mbp.home                           0          3         -1
    4   yumans-mbp.home                           0          4         -1
    5   yumans-mbp.home                           0          5         -1
    6   yumans-mbp.home                           0          6         -1
    7   yumans-mbp.home                           0          7         -1
    8   yumans-mbp.home                           0          8         -1
    9   yumans-mbp.home                           0          9         -1
 ==============================================================================


May use up to 15625MB of RAM as shared memory on node 0

 *******************************************************************************
 *                                                                             *
 *  --------------------------------                                           *
 *   Amsterdam Modeling Suite (AMS)              2022.103                      *
 *  --------------------------------                                           *
 *                                               r104886 2022-06-17            *
 *                                                                             *
 *                                                                             *
 *                              =================                              *
 *                              |               |                              *
 *                              |     A M S     |                              *
 *                              |               |                              *
 *                              =================                              *
 *                                                                             *
 *                                                                             *
 *   Online information and documentation:  https://www.scm.com/support/       *
 *   E-mail:  support@scm.com   info@scm.com                                   *
 *                                                                             *
 *   Scientific publications using AMS results must be properly referenced     *
 *   See the User Manuals (or the web site) for recommended citations          *
 *   The terms and conditions of the End User License Agreement apply to       *
 *   the use of AMS, https://www.scm.com/license-terms/                        *
 *                                                                             *
 **********************  x86_64_darwin_intel / openmpi  ************************
 
 Licensed to: Prof Visscher, Prof Bickelhaupt, Prof Fonseca Guerra / Vrije Universiteit, Theoretische Chemie / Amsterdam / NETHERLANDS 2022-12-13 09:59:29
 SCM User ID: u21794
  
 AMS 2022.103  RunTime: Aug25-2023 09:49:15  ShM Nodes: 1  Procs: 10

 AMS jobname: ams
 AMS jobid  : 1714475311

 Start   directory: /Users/yumanhordijk/ADF_DATA/dftb/EDA/tmp.yumanhordijk.40706.0.noindex/
 Results directory: /Users/yumanhordijk/ADF_DATA/dftb/EDA/NH3BH3.Donor.results/
 Scratch directory: /tmp/amstmp_ams_kid0.1714475311/


 Communication costs MPI_COMM_WORLD:      6.389 usec per message,   0.0498 usec per 8-byte item
 Communication costs for intra-node:      3.157 usec per message,   0.0392 usec per 8-byte item

 RNG seed: 1656653578 -1255304810 -153073037 1327855454 240722993 -1489095300 1937639616 -1520473053
       ****************************
       * SINGLE POINT CALCULATION *
       ****************************
 
--------
Geometry
--------
Formula: H3N
Atoms
  Index Symbol   x (angstrom)   y (angstrom)   z (angstrom)
      1      N     0.00000000     0.00000000    -0.81474153       region=Donor
      2      H    -0.95216703     0.00000000    -1.14410295       region=Donor
      3      H     0.47608351    -0.82460084    -1.14410295       region=Donor
      4      H     0.47608351     0.82460084    -1.14410295       region=Donor
 
Total System Charge             0.00000
Bonding info available!
 
 
-------------------------
DFTB Engine configuration
-------------------------
DFTB Resources dir                     /Applications/AMS2022.103.app/Contents/Resources/amshome/atomicdata/DFTB/GFN1-xTB
 
SCC convergence enabled.
Maximum SCC cycles                       500
SCC charge convergence                   0.000000010000
SCC charge mixing                        0.150000000000
DIIS max dimension                       20
DIIS maximum coeff.                     10.000000000000
Adaptive SCC charge mixing             T
Adaptive SCC mixing strategy              3
Spin polarization                      F
Orbital-dependent SCC                  T
Orbital fill strategy                  Fermi
Fermi temperature (kelvin)                     300.0000
  ... kT (Hartree)                               0.0010
Use of symmetry                        T
Radial function extrapolation method   Auto

 Settings for Grimme D3 dispersion correction

      damping                        BJ
      s6                          1.000
      s8                          2.400
      a1                          0.630
      a2                          5.000

 Other (technical) parameters

      alpha                      14.000
      version                         4
 

---------------------
Periodic DFTB options
---------------------
 kpoints config
 grid method with params
Assume insulator                        F
Ewald tolerance                    1.00E-10
Ewald range factor                  2.00

 BZStruct config
 ---------------
 Enabled        T
 Automatic      T
 CalcFatBands   T
 useSymmetry    T
 deltaK          0.100000000000000     
 
Estimated upper bound for memory consumption:    0.024 MiB

Number of basis functions:           10
    Cycle:   1, MaxQDiff:   1.395524809287, PartialEnergy:      -4.8671101165, Used mix:   0.150 nvec:    0
    Cycle:   2, MaxQDiff:   1.261216432061, PartialEnergy:      -4.8711633848, Used mix:   0.150 nvec:    1
    Cycle:   3, MaxQDiff:   1.019578031896, PartialEnergy:      -4.8770875163, Used mix:   0.150 nvec:    1
    Cycle:   4, MaxQDiff:   0.169808212935, PartialEnergy:      -4.8849799372, Used mix:   0.150 nvec:    2
    Cycle:   5, MaxQDiff:   0.137124370815, PartialEnergy:      -4.8851056861, Used mix:   0.150 nvec:    2
    Cycle:   6, MaxQDiff:   0.000042789157, PartialEnergy:      -4.8853973375, Used mix:   0.150 nvec:    3
    Cycle:   7, MaxQDiff:   0.000046846272, PartialEnergy:      -4.8853973375, Used mix:   0.150 nvec:    4
    Cycle:   8, MaxQDiff:   0.000000409775, PartialEnergy:      -4.8853973375, Used mix:   0.150 nvec:    4
    Cycle:   9, MaxQDiff:   0.000000000028, PartialEnergy:      -4.8853973375, Used mix:   0.150 nvec:    4
 Evaluation was successful


    =====================
     CALCULATION RESULTS
    =====================

Energy (hartree)            -4.82864553


--------------
Atomic charges
--------------
  Index   Atom    Charge
      1      N   -0.5797
      2      H    0.1932
      3      H    0.1932
      4      H    0.1932


Dipole moment vector    (Debye):    -0.00000001    0.00000000   -0.91703086
              magnitude (Debye):     0.91703086

 
--------------------
Energy Decomposition
--------------------
Total Energy (hartree)                -4.82864553
Total Energy (eV)                   -131.39413034
Electronic Energy (hartree)           -4.90609143
Coulomb Energy (hartree)               0.02069409
Repulsion Energy (hartree)             0.05704432
Dispersion Energy (hartree)           -0.00029251
 
----------------
Mulliken Charges
----------------
  Index   Atom          Charge      Population
      1      N   -0.5796691094        5.579669
      2      H    0.1932230361        0.806777
      3      H    0.1932230367        0.806777
      4      H    0.1932230367        0.806777
         Total    0.0000000000        8.000000
 
----------------------
Mulliken Shell Charges
----------------------
  Index   Atom      L          Charge      Population
      1      N      0    0.5635807752        1.436419
      2      N      1   -1.1432498846        4.143250
      3      H      0    0.2088133365        0.791187
      4      H      0   -0.0155903004        0.015590
      5      H      0    0.2088133369        0.791187
      6      H      0   -0.0155903002        0.015590
      7      H      0    0.2088133369        0.791187
      8      H      0   -0.0155903002        0.015590
                Total    0.0000000000        8.000000
 
 
--------
Orbitals
--------
Index of HOMO                    4
Fermi Energy (hartree)           -0.36908809
Orbitals
   Index  Energy (hartree)       Energy (eV)        Occupation  Degeneracy
       1       -0.73722514      -20.06091667        2.00000000           1
       2       -0.53233829      -14.48566202        2.00000000           2
       3       -0.53233829      -14.48566199        2.00000000           2
       4       -0.40740727      -11.08611592        2.00000000           1
       5       -0.12905659       -3.51180856        0.00000000           1
       6       -0.04224483       -1.14954027        0.00000000           2
       7       -0.04224483       -1.14954026        0.00000000           2
       8        0.29142899        7.93018622        0.00000000           2
       9        0.29142899        7.93018636        0.00000000           2
      10        0.67883488       18.47203705        0.00000000           1
 

AMS application finished. Exiting.
NORMAL TERMINATION
     Total cpu time:       1.04
  Total system time:       0.60
 Total elapsed time:       2.14
