== Starting run at Wed Nov  9 10:25:13 CET 2022
== Job ID: 121738
== Node list: node136
== Submit dir. : /scistor/tc/eti201/Test/Vlad/2nd
== Scratch dir. : /scratch/121738

Currently Loaded Modules:
  1) shared           3) gcc/10.2.0     5) slurm/bazis/20.02.7
  2) DefaultModules   4) python/3.7.4   6) ams/2022.103

 

NORMAL TERMINATION with warnings
