 No need to do a create run for N.43CED866
 No need to do a create run for B.7EC6DAAA
 No need to do a create run for H.43CED866
 No need to do a create run for H.7EC6DAAA
